1008	Viruses	Negarnaviricota	Monjiviricetes	Mononegavirales	Paramyxoviridae	Morbillivirus	Measles morbillivirus Measles morbillivirus
103	Viruses	Negarnaviricota	Monjiviricetes	Mononegavirales	Paramyxoviridae	Morbillivirus	Measles morbillivirus Measles virus genotypes and isolates
95	Viruses	Negarnaviricota	Monjiviricetes	Mononegavirales	Paramyxoviridae	Morbillivirus	Measles morbillivirus Measles virus strain MVi/California.USA/8.04
86	Viruses	Negarnaviricota	Monjiviricetes	Mononegavirales	Paramyxoviridae	Morbillivirus	Measles morbillivirus Measles virus strain Edmonston-Zagreb
9	Viruses	Negarnaviricota	Monjiviricetes	Mononegavirales	Paramyxoviridae	Morbillivirus	Measles morbillivirus Measles virus genotype G3
8	Viruses	Negarnaviricota	Monjiviricetes	Mononegavirales	Paramyxoviridae	Morbillivirus	Measles morbillivirus Measles virus strain MVi/New Jersey.USA/45.05
2	Viruses	Negarnaviricota	Monjiviricetes	Mononegavirales	Paramyxoviridae	Morbillivirus	Measles morbillivirus Measles virus strain MVi/Virginia.USA/15.09
2	Viruses	Negarnaviricota	Monjiviricetes	Mononegavirales	Paramyxoviridae	Morbillivirus	Measles morbillivirus Measles virus strain MVi/Washington.USA/18.08/1
1	Viruses	Negarnaviricota	Monjiviricetes	Mononegavirales	Paramyxoviridae	Morbillivirus	Measles morbillivirus Measles virus genotype D8
1	Viruses	Negarnaviricota	Monjiviricetes	Mononegavirales	Paramyxoviridae	Morbillivirus	Measles morbillivirus Measles virus strain MVi/Texas.USA/4.07
184	Unclassified