1008	Viruses	Negarnaviricota	Monjiviricetes	Mononegavirales	Paramyxoviridae	Morbillivirus	Morbillivirus hominis 
103	Viruses	Negarnaviricota	Monjiviricetes	Mononegavirales	Paramyxoviridae	Morbillivirus	Morbillivirus hominis 
95	Viruses	Negarnaviricota	Monjiviricetes	Mononegavirales	Paramyxoviridae	Morbillivirus	Morbillivirus hominis 
86	Viruses	Negarnaviricota	Monjiviricetes	Mononegavirales	Paramyxoviridae	Morbillivirus	Morbillivirus hominis 
9	Viruses	Negarnaviricota	Monjiviricetes	Mononegavirales	Paramyxoviridae	Morbillivirus	Morbillivirus hominis 
8	Viruses	Negarnaviricota	Monjiviricetes	Mononegavirales	Paramyxoviridae	Morbillivirus	Morbillivirus hominis 
2	Viruses	Negarnaviricota	Monjiviricetes	Mononegavirales	Paramyxoviridae	Morbillivirus	Morbillivirus hominis 
2	Viruses	Negarnaviricota	Monjiviricetes	Mononegavirales	Paramyxoviridae	Morbillivirus	Morbillivirus hominis 
1	Viruses	Negarnaviricota	Monjiviricetes	Mononegavirales	Paramyxoviridae	Morbillivirus	Morbillivirus hominis 
1	Viruses	Negarnaviricota	Monjiviricetes	Mononegavirales	Paramyxoviridae	Morbillivirus	Morbillivirus hominis 
184	Unclassified