1008	Viruses	Negarnaviricota	Monjiviricetes	Mononegavirales	Paramyxoviridae	Morbillivirus	Measles morbillivirus 
103	Viruses	Negarnaviricota	Monjiviricetes	Mononegavirales	Paramyxoviridae	Morbillivirus	Measles morbillivirus 
95	Viruses	Negarnaviricota	Monjiviricetes	Mononegavirales	Paramyxoviridae	Morbillivirus	Measles morbillivirus 
86	Viruses	Negarnaviricota	Monjiviricetes	Mononegavirales	Paramyxoviridae	Morbillivirus	Measles morbillivirus 
9	Viruses	Negarnaviricota	Monjiviricetes	Mononegavirales	Paramyxoviridae	Morbillivirus	Measles morbillivirus 
8	Viruses	Negarnaviricota	Monjiviricetes	Mononegavirales	Paramyxoviridae	Morbillivirus	Measles morbillivirus 
2	Viruses	Negarnaviricota	Monjiviricetes	Mononegavirales	Paramyxoviridae	Morbillivirus	Measles morbillivirus 
2	Viruses	Negarnaviricota	Monjiviricetes	Mononegavirales	Paramyxoviridae	Morbillivirus	Measles morbillivirus 
1	Viruses	Negarnaviricota	Monjiviricetes	Mononegavirales	Paramyxoviridae	Morbillivirus	Measles morbillivirus 
1	Viruses	Negarnaviricota	Monjiviricetes	Mononegavirales	Paramyxoviridae	Morbillivirus	Measles morbillivirus 
184	Unclassified